line 26 : var defined at wrong place